// Jest Snapshot v1, https://goo.gl/fbAQLP

exports[`renders app 1`] = `
<div>
  <div
    class="css-1fiyid0"
  >
    <div
      class="css-18ljfa2"
    >
      <form>
        <input
          autocomplete="off"
          class="css-4y926w"
          id="text"
          name="text"
          placeholder="Anything goes here"
          type="text"
          value=""
        />
      </form>
    </div>
  </div>
</div>
`;
