// Jest Snapshot v1, https://goo.gl/fbAQLP

exports[`renders preview 1`] = `
<div>
  <div
    class="css-1fiyid0"
  >
    <div
      class="css-vurnku"
    >
      <div
        class="css-911jbo"
      >
        Invalid URL
      </div>
      <button
        class="css-wdk1eo"
      >
        Try Again
      </button>
    </div>
  </div>
</div>
`;
